// Jest Snapshot v1, https://goo.gl/fbAQLP

exports[`Error renders correctly 1`] = `
<div
  className="sc-bwzfXH dhWCcq sc-bdVaJa kZAgjJ"
>
  <div
    className="sc-htpNat intnKj sc-bdVaJa kZAgjJ"
  >
    <svg
      aria-hidden="true"
      className="MuiSvgIcon-root MuiSvgIcon-fontSizeLarge"
      focusable="false"
      role="presentation"
      viewBox="0 0 24 24"
    >
      <path
        d="M12 2C6.48 2 2 6.48 2 12s4.48 10 10 10 10-4.48 10-10S17.52 2 12 2zm1 15h-2v-2h2v2zm0-4h-2V7h2v6z"
      />
    </svg>
  </div>
  <h5
    className="MuiTypography-root MuiTypography-h4 MuiTypography-alignCenter"
  >
    Error while loading contents =(
  </h5>
</div>
`;
